2026-09-15T18:36:32-03:00 session=fm-lab-grokspawn-3539931-13790
2026-09-15T18:36:32-03:00 provisioned
2026-09-15T18:36:32-03:00 pane=w1:p1
2026-09-15T18:36:33-03:00 baseline process_state=shell pane_agent_state=no-agent agent_state=dead
2026-09-15T18:36:33-03:00 typing launch
2026-09-15T18:36:34-03:00 t=1 process_state=agent pane_agent_state=unknown agent_state=unreadable fg_name=bwrap herdr_agent=grok herdr_status=unknown
2026-09-15T18:36:34-03:00   cmdline=/nix/store/g7svy17fhkg2cq3q4lfzzc0mmsl3d8hq-bubblewrap-0.11.2/bin/bwrap --die-with-parent --dev-bind / / --ro-bind /nix/store/396qg4acrn3bcnxiklr37vy83jv7n8wr-grok-blocked-hosts /etc/hosts -- /nix/store/3fmmpqib5zqb0iwxgsh5k0jynr91k4w5-grok-1.0.24/bin/grok --no-memory --always-approve --model grok-4.6 --reasoning-effort low ⁣FIRSTMATE_OP: v1 launch-brief: Do not use tools. Do not modify files. Reply with exactly READY and then wait at the composer.
2026-09-15T18:36:35-03:00 t=2 process_state=agent pane_agent_state=unknown agent_state=unreadable fg_name=bwrap herdr_agent=grok herdr_status=unknown
2026-09-15T18:36:35-03:00   cmdline=/nix/store/g7svy17fhkg2cq3q4lfzzc0mmsl3d8hq-bubblewrap-0.11.2/bin/bwrap --die-with-parent --dev-bind / / --ro-bind /nix/store/396qg4acrn3bcnxiklr37vy83jv7n8wr-grok-blocked-hosts /etc/hosts -- /nix/store/3fmmpqib5zqb0iwxgsh5k0jynr91k4w5-grok-1.0.24/bin/grok --no-memory --always-approve --model grok-4.6 --reasoning-effort low ⁣FIRSTMATE_OP: v1 launch-brief: Do not use tools. Do not modify files. Reply with exactly READY and then wait at the composer.
2026-09-15T18:36:35-03:00 t=3 process_state=agent pane_agent_state=unknown agent_state=unreadable fg_name=bwrap herdr_agent=grok herdr_status=unknown
2026-09-15T18:36:35-03:00   cmdline=/nix/store/g7svy17fhkg2cq3q4lfzzc0mmsl3d8hq-bubblewrap-0.11.2/bin/bwrap --die-with-parent --dev-bind / / --ro-bind /nix/store/396qg4acrn3bcnxiklr37vy83jv7n8wr-grok-blocked-hosts /etc/hosts -- /nix/store/3fmmpqib5zqb0iwxgsh5k0jynr91k4w5-grok-1.0.24/bin/grok --no-memory --always-approve --model grok-4.6 --reasoning-effort low ⁣FIRSTMATE_OP: v1 launch-brief: Do not use tools. Do not modify files. Reply with exactly READY and then wait at the composer.
2026-09-15T18:36:36-03:00 t=4 process_state=agent pane_agent_state=unknown agent_state=unreadable fg_name=bwrap herdr_agent=grok herdr_status=unknown
2026-09-15T18:36:36-03:00   cmdline=/nix/store/g7svy17fhkg2cq3q4lfzzc0mmsl3d8hq-bubblewrap-0.11.2/bin/bwrap --die-with-parent --dev-bind / / --ro-bind /nix/store/396qg4acrn3bcnxiklr37vy83jv7n8wr-grok-blocked-hosts /etc/hosts -- /nix/store/3fmmpqib5zqb0iwxgsh5k0jynr91k4w5-grok-1.0.24/bin/grok --no-memory --always-approve --model grok-4.6 --reasoning-effort low ⁣FIRSTMATE_OP: v1 launch-brief: Do not use tools. Do not modify files. Reply with exactly READY and then wait at the composer.
2026-09-15T18:36:37-03:00 t=5 process_state=agent pane_agent_state=unknown agent_state=unreadable fg_name=bwrap herdr_agent=grok herdr_status=unknown
2026-09-15T18:36:37-03:00   cmdline=/nix/store/g7svy17fhkg2cq3q4lfzzc0mmsl3d8hq-bubblewrap-0.11.2/bin/bwrap --die-with-parent --dev-bind / / --ro-bind /nix/store/396qg4acrn3bcnxiklr37vy83jv7n8wr-grok-blocked-hosts /etc/hosts -- /nix/store/3fmmpqib5zqb0iwxgsh5k0jynr91k4w5-grok-1.0.24/bin/grok --no-memory --always-approve --model grok-4.6 --reasoning-effort low ⁣FIRSTMATE_OP: v1 launch-brief: Do not use tools. Do not modify files. Reply with exactly READY and then wait at the composer.
2026-09-15T18:36:37-03:00 t=6 process_state=agent pane_agent_state=live agent_state=alive fg_name=bwrap herdr_agent=grok herdr_status=idle
2026-09-15T18:36:37-03:00   cmdline=/nix/store/g7svy17fhkg2cq3q4lfzzc0mmsl3d8hq-bubblewrap-0.11.2/bin/bwrap --die-with-parent --dev-bind / / --ro-bind /nix/store/396qg4acrn3bcnxiklr37vy83jv7n8wr-grok-blocked-hosts /etc/hosts -- /nix/store/3fmmpqib5zqb0iwxgsh5k0jynr91k4w5-grok-1.0.24/bin/grok --no-memory --always-approve --model grok-4.6 --reasoning-effort low ⁣FIRSTMATE_OP: v1 launch-brief: Do not use tools. Do not modify files. Reply with exactly READY and then wait at the composer.
2026-09-15T18:36:38-03:00 t=7 process_state=agent pane_agent_state=live agent_state=alive fg_name=bwrap herdr_agent=grok herdr_status=idle
2026-09-15T18:36:38-03:00   cmdline=/nix/store/g7svy17fhkg2cq3q4lfzzc0mmsl3d8hq-bubblewrap-0.11.2/bin/bwrap --die-with-parent --dev-bind / / --ro-bind /nix/store/396qg4acrn3bcnxiklr37vy83jv7n8wr-grok-blocked-hosts /etc/hosts -- /nix/store/3fmmpqib5zqb0iwxgsh5k0jynr91k4w5-grok-1.0.24/bin/grok --no-memory --always-approve --model grok-4.6 --reasoning-effort low ⁣FIRSTMATE_OP: v1 launch-brief: Do not use tools. Do not modify files. Reply with exactly READY and then wait at the composer.
2026-09-15T18:36:39-03:00 final process_state=agent pane_agent_state=live agent_state=alive alive_hits=6 agent_not_found_with_agent=0 registered_grok=7
2026-09-15T18:36:40-03:00 PASS: grok stayed classified live/agent under Herdr
